// Jest Snapshot v1, https://goo.gl/fbAQLP

exports[`Scoreboard renders 1`] = `
<DocumentFragment>
  <div
    class="MuiTypography-root makeStyles-root-1 MuiTypography-body1"
  >
    <div
      class="MuiPaper-root MuiCard-root makeStyles-card-2 MuiPaper-elevation1 MuiPaper-rounded"
    >
      <div
        class="MuiCardContent-root"
      >
        <h5
          class="MuiTypography-root MuiTypography-h5"
        >
          Win Percentage
        </h5>
      </div>
    </div>
    <div
      class="MuiPaper-root MuiCard-root makeStyles-card-2 MuiPaper-elevation1 MuiPaper-rounded"
      style="margin-left: 20px;"
    >
      <div
        class="MuiCardContent-root"
      >
        <h4
          class="MuiTypography-root MuiTypography-h4"
          data-testid="percentage"
        >
          10%
        </h4>
      </div>
    </div>
  </div>
</DocumentFragment>
`;
